Microchip MPLAB XC8 Compiler V2.45

Linker command line:

-W-3 \
  --edf=C:\Program Files\Microchip\xc8\v2.45\pic\dat\20230818022343_en.msgs \
  -cn -h+dist/default/production\application.production.sym \
  --cmf=dist/default/production\application.production.cmf -z -Q18F4620 \
  -oC:\Users\Blu-Ray\AppData\Local\Temp\xcAsal8.\driver_tmp_3.o \
  --defsym=__MPLAB_BUILD=1 --fixupoverflow=error \
  -Mdist/default/production/application.production.map \
  --md=C:\Users\Blu-Ray\AppData\Local\Temp\xcAsal8.\driver_tmp_0.dat -E1 \
  -ver=XC8 Compiler --acfsm=1493 -ACODE=00h-0FFFFh -ACONST=00h-0FFFFh \
  -ASMALLCONST=01000h-010FFhx240 -AMEDIUMCONST=01000h-0FFFFh \
  -ACOMRAM=01h-07Fh -AABS1=00h-0F7Fh -ABIGRAM=01h-0F7Fh \
  -ARAM=080h-0FFh,0100h-01FFhx14,0F00h-0F7Fh -ABANK0=080h-0FFh \
  -ABANK1=0100h-01FFh -ABANK2=0200h-02FFh -ABANK3=0300h-03FFh \
  -ABANK4=0400h-04FFh -ABANK5=0500h-05FFh -ABANK6=0600h-06FFh \
  -ABANK7=0700h-07FFh -ABANK8=0800h-08FFh -ABANK9=0900h-09FFh \
  -ABANK10=0A00h-0AFFh -ABANK11=0B00h-0BFFh -ABANK12=0C00h-0CFFh \
  -ABANK13=0D00h-0DFFh -ABANK14=0E00h-0EFFh -ABANK15=0F00h-0F7Fh \
  -ASFR=0F80h-0FFFh -ABIGSFR=0F80h-0FFFh -ACONFIG=0300000h-030000Dh \
  -AIDLOC=0200000h-0200007h -AEEDATA=0F00000h-0F003FFh -peeprom_data=EEDATA \
  -preset_vec=00h,intcode,intcodelo,powerup,init -pramtop=01000h \
  -psmallconst=SMALLCONST -pmediumconst=MEDIUMCONST -pconst=CONST \
  -AFARRAM=00h-00h \
  -prdata=COMRAM,nvrram=COMRAM,nvbit=COMRAM,rbss=COMRAM,rbit=COMRAM \
  -pfarbss=FARRAM,fardata=FARRAM,nvFARRAM=FARRAM \
  -pintsave_regs=BIGRAM,bigbss=BIGRAM,bigdata=BIGRAM -pbss=RAM \
  -pidata=CODE,irdata=CODE,ibigdata=CODE,ifardata=CODE -prparam=COMRAM \
  C:\Users\Blu-Ray\AppData\Local\Temp\xcAsal8.\driver_tmp_9.o \
  dist/default/production\application.production.o 

Object code version is 3.11

Machine type is 18F4620



                Name                               Link     Load   Length Selector   Space Scale
C:\Users\Blu-Ray\AppData\Local\Temp\xcAsal8.\driver_tmp_9.o
                idloc                            200000   200000        8        0       5
                config                           300000   300000        E        0       4
                init                                  0        0        4        0       0
dist/default/production\application.production.o
                idloc                            200000   200000        8        0       5
                config                           300000   300000        E        0       4
                smallconst                         1000     1000       30      800       0
                text17                             11E8     11E8      16E      818       0
                text16                             1356     1356      15A      818       0
                text15                             1030     1030      1B8      818       0
                text14                             1A82     1A82       2A      818       0
                text13                             18FC     18FC       8A      818       0
                text12                             14B0     14B0      114      818       0
                text11                             1AAC     1AAC       28      818       0
                text10                             1860     1860       9C      818       0
                text9                              1A18     1A18       38      818       0
                text8                              15C4     15C4       FA      818       0
                text7                              1AD4     1AD4       16      818       0
                text6                              1B12     1B12        8      D85       0
                text5                              1794     1794       CC      818       0
                text4                              16BE     16BE       D6      818       0
                text3                              19E0     19E0       38      818       0
                text2                              1B0A     1B0A        8      D85       0
                text1                              1AEA     1AEA       10      818       0
                text0                              1986     1986       5A      818       0
                cstackCOMRAM                         2A       2A       19        1       1
                dataCOMRAM                           43       43        F        1       1
                bssCOMRAM                             1        1       29        1       1
                cinit                              1A50     1A50       32      818       0
                nvCOMRAM                             52       52        1        1       1
                idataCOMRAM                        1AFA     1AFA        F      818       0

TOTAL           Name                               Link     Load   Length     Space
        CLASS   CODE           
                init                                  0        0        4         0
                text17                             11E8     11E8      16E         0
                text16                             1356     1356      15A         0
                text15                             1030     1030      1B8         0
                text14                             1A82     1A82       2A         0
                text13                             18FC     18FC       8A         0
                text12                             14B0     14B0      114         0
                text11                             1AAC     1AAC       28         0
                text10                             1860     1860       9C         0
                text9                              1A18     1A18       38         0
                text8                              15C4     15C4       FA         0
                text7                              1AD4     1AD4       16         0
                text6                              1B12     1B12        8         0
                text5                              1794     1794       CC         0
                text4                              16BE     16BE       D6         0
                text3                              19E0     19E0       38         0
                text2                              1B0A     1B0A        8         0
                text1                              1AEA     1AEA       10         0
                text0                              1986     1986       5A         0
                cinit                              1A50     1A50       32         0
                idataCOMRAM                        1AFA     1AFA        F         0

        CLASS   CONST          

        CLASS   SMALLCONST     
                smallconst                         1000     1000       30         0

        CLASS   MEDIUMCONST    

        CLASS   COMRAM         
                cstackCOMRAM                         2A       2A       19         1
                dataCOMRAM                           43       43        F         1
                bssCOMRAM                             1        1       29         1
                nvCOMRAM                             52       52        1         1

        CLASS   ABS1           

        CLASS   BIGRAM         

        CLASS   RAM            

        CLASS   BANK0          

        CLASS   BANK1          

        CLASS   BANK2          

        CLASS   BANK3          

        CLASS   BANK4          

        CLASS   BANK5          

        CLASS   BANK6          

        CLASS   BANK7          

        CLASS   BANK8          

        CLASS   BANK9          

        CLASS   BANK10         

        CLASS   BANK11         

        CLASS   BANK12         

        CLASS   BANK13         

        CLASS   BANK14         

        CLASS   BANK15         

        CLASS   SFR            

        CLASS   BIGSFR         

        CLASS   CONFIG         
                config                           300000   300000        E         4

        CLASS   IDLOC          
                idloc                            200000   200000        8         5

        CLASS   EEDATA         

        CLASS   FARRAM         

        CLASS   HEAP           

        CLASS   STACK          



SEGMENTS        Name                           Load    Length   Top    Selector   Space  Class

                reset_vec                      000000  000004  000004         0       0  CODE    
                bssCOMRAM                      000001  000052  000053         1       1  COMRAM  
                smallconst                     001000  000030  001030       800       0  SMALLCON
                text15                         001030  000AD9  001B09       818       0  CODE    
                text2                          001B0A  000010  001B1A       D85       0  CODE    


UNUSED ADDRESS RANGES

        Name                Unused          Largest block    Delta
        BANK0            000080-0000FF               80
        BANK1            000100-0001FF              100
        BANK10           000A00-000AFF              100
        BANK11           000B00-000BFF              100
        BANK12           000C00-000CFF              100
        BANK13           000D00-000DFF              100
        BANK14           000E00-000EFF              100
        BANK15           000F00-000F7F               80
        BANK2            000200-0002FF              100
        BANK3            000300-0003FF              100
        BANK4            000400-0004FF              100
        BANK5            000500-0005FF              100
        BANK6            000600-0006FF              100
        BANK7            000700-0007FF              100
        BANK8            000800-0008FF              100
        BANK9            000900-0009FF              100
        BIGRAM           000053-000F7F              F2D
        BIGSFR           000F80-000FFF               80
        CODE             000004-000FFF              FFC
                         001B09-001B09                1
                         001B1A-00FFFF             E4E6
        COMRAM           000053-00007F               2D
        CONST            000004-000FFF              FFC
                         001B09-001B09                1
                         001B1A-00FFFF             E4E6
        EEDATA           F00000-F003FF              400
        MEDIUMCONST      001B09-001B09                1
                         001B1A-00FFFF             E4E6
        RAM              000080-000F7F              100
        SFR              000F80-000FFF               80
        SMALLCONST       001B09-001B09                1
                         001B1A-00FFFF              100

                                  Symbol Table

_INT0_InterruptHandler                    bssCOMRAM    000005
_INT1_InterruptHandler                    bssCOMRAM    000003
_INT2_InterruptHandler                    bssCOMRAM    000001
_INTCON2bits                              (abs)        000FF1
_INTCON3bits                              (abs)        000FF0
_INTCONbits                               (abs)        000FF2
_LATA                                     (abs)        000F89
_LATB                                     (abs)        000F8A
_LATC                                     (abs)        000F8B
_LATD                                     (abs)        000F8C
_LATE                                     (abs)        000F8D
_PORTA                                    (abs)        000F80
_PORTB                                    (abs)        000F81
_PORTC                                    (abs)        000F82
_PORTD                                    (abs)        000F83
_PORTE                                    (abs)        000F84
_TRISA                                    (abs)        000F92
_TRISB                                    (abs)        000F93
_TRISC                                    (abs)        000F94
_TRISD                                    (abs)        000F95
_TRISE                                    (abs)        000F96
__HRAM                                    (abs)        000000
__H__absolute__                           __absolute__ 000000
__Habs1                                   abs1         000000
__Hbank0                                  bank0        000000
__Hbank1                                  bank1        000000
__Hbank10                                 bank10       000000
__Hbank11                                 bank11       000000
__Hbank12                                 bank12       000000
__Hbank13                                 bank13       000000
__Hbank14                                 bank14       000000
__Hbank15                                 bank15       000000
__Hbank2                                  bank2        000000
__Hbank3                                  bank3        000000
__Hbank4                                  bank4        000000
__Hbank5                                  bank5        000000
__Hbank6                                  bank6        000000
__Hbank7                                  bank7        000000
__Hbank8                                  bank8        000000
__Hbank9                                  bank9        000000
__Hbigbss                                 bigbss       000000
__Hbigdata                                bigdata      000000
__Hbigram                                 bigram       000000
__Hbigsfr                                 bigsfr       000000
__Hbss                                    bss          000000
__HbssCOMRAM                              bssCOMRAM    000000
__Hcinit                                  cinit        000000
__Hclrtext                                clrtext      000000
__Hcomram                                 comram       000000
__Hconfig                                 config       30000E
__Hconst                                  const        000000
__HcstackCOMRAM                           cstackCOMRAM 000000
__Hdata                                   data         000000
__HdataCOMRAM                             dataCOMRAM   000000
__Heeprom_data                            eeprom_data  000000
__Hfarbss                                 farbss       000000
__Hfardata                                fardata      000000
__Hheap                                   heap         000000
__Hibigdata                               ibigdata     000000
__Hidata                                  idata        000000
__HidataCOMRAM                            idataCOMRAM  000000
__Hidloc                                  idloc        200008
__Hifardata                               ifardata     000000
__Hinit                                   init         000004
__Hintcode                                intcode      000000
__Hintcode_body                           intcode_body 000000
__Hintcodelo                              intcodelo    000000
__Hintentry                               intentry     000000
__Hintret                                 intret       000000
__Hintsave_regs                           intsave_regs 000000
__Hirdata                                 irdata       000000
__Hmediumconst                            mediumconst  000000
__HnvCOMRAM                               nvCOMRAM     000000
__HnvFARRAM                               nvFARRAM     000000
__Hnvbit                                  nvbit        000000
__Hnvrram                                 nvrram       000000
__Hparam                                  rparam       000000
__Hpowerup                                powerup      000000
__Hram                                    ram          000000
__Hramtop                                 ramtop       001000
__Hrbit                                   rbit         000000
__Hrbss                                   rbss         000000
__Hrdata                                  rdata        000000
__Hreset_vec                              reset_vec    000000
__Hrparam                                 rparam       000000
__Hsfr                                    sfr          000000
__Hsmallconst                             smallconst   001030
__Hspace_0                                (abs)        001B1A
__Hspace_1                                (abs)        000053
__Hspace_2                                (abs)        000000
__Hspace_4                                (abs)        60000E
__Hstack                                  stack        000000
__Hstruct                                 struct       000000
__Htemp                                   temp         000000
__Htext                                   text         000000
__Htext0                                  text0        000000
__Htext1                                  text1        000000
__Htext10                                 text10       000000
__Htext11                                 text11       000000
__Htext12                                 text12       000000
__Htext13                                 text13       000000
__Htext14                                 text14       000000
__Htext15                                 text15       000000
__Htext16                                 text16       000000
__Htext17                                 text17       000000
__Htext2                                  text2        000000
__Htext3                                  text3        000000
__Htext4                                  text4        000000
__Htext5                                  text5        000000
__Htext6                                  text6        000000
__Htext7                                  text7        000000
__Htext8                                  text8        000000
__Htext9                                  text9        000000
__LRAM                                    (abs)        000001
__L__absolute__                           __absolute__ 000000
__Labs1                                   abs1         000000
__Lbank0                                  bank0        000000
__Lbank1                                  bank1        000000
__Lbank10                                 bank10       000000
__Lbank11                                 bank11       000000
__Lbank12                                 bank12       000000
__Lbank13                                 bank13       000000
__Lbank14                                 bank14       000000
__Lbank15                                 bank15       000000
__Lbank2                                  bank2        000000
__Lbank3                                  bank3        000000
__Lbank4                                  bank4        000000
__Lbank5                                  bank5        000000
__Lbank6                                  bank6        000000
__Lbank7                                  bank7        000000
__Lbank8                                  bank8        000000
__Lbank9                                  bank9        000000
__Lbigbss                                 bigbss       000000
__Lbigdata                                bigdata      000000
__Lbigram                                 bigram       000000
__Lbigsfr                                 bigsfr       000000
__Lbss                                    bss          000000
__LbssCOMRAM                              bssCOMRAM    000000
__Lcinit                                  cinit        000000
__Lclrtext                                clrtext      000000
__Lcomram                                 comram       000000
__Lconfig                                 config       000000
__Lconst                                  const        000000
__LcstackCOMRAM                           cstackCOMRAM 000000
__Ldata                                   data         000000
__LdataCOMRAM                             dataCOMRAM   000000
__Leeprom_data                            eeprom_data  000000
__Lfarbss                                 farbss       000000
__Lfardata                                fardata      000000
__Lheap                                   heap         000000
__Libigdata                               ibigdata     000000
__Lidata                                  idata        000000
__LidataCOMRAM                            idataCOMRAM  000000
__Lidloc                                  idloc        000000
__Lifardata                               ifardata     000000
__Linit                                   init         000000
__Lintcode                                intcode      000000
__Lintcode_body                           intcode_body 000000
__Lintcodelo                              intcodelo    000000
__Lintentry                               intentry     000000
__Lintret                                 intret       000000
__Lintsave_regs                           intsave_regs 000000
__Lirdata                                 irdata       000000
__Lmediumconst                            mediumconst  000000
__LnvCOMRAM                               nvCOMRAM     000000
__LnvFARRAM                               nvFARRAM     000000
__Lnvbit                                  nvbit        000000
__Lnvrram                                 nvrram       000000
__Lparam                                  rparam       000000
__Lpowerup                                powerup      000000
__Lram                                    ram          000000
__Lramtop                                 ramtop       001000
__Lrbit                                   rbit         000000
__Lrbss                                   rbss         000000
__Lrdata                                  rdata        000000
__Lreset_vec                              reset_vec    000000
__Lrparam                                 rparam       000000
__Lsfr                                    sfr          000000
__Lsmallconst                             smallconst   001000
__Lspace_0                                (abs)        000000
__Lspace_1                                (abs)        000000
__Lspace_2                                (abs)        000000
__Lspace_4                                (abs)        000000
__Lstack                                  stack        000000
__Lstruct                                 struct       000000
__Ltemp                                   temp         000000
__Ltext                                   text         000000
__Ltext0                                  text0        000000
__Ltext1                                  text1        000000
__Ltext10                                 text10       000000
__Ltext11                                 text11       000000
__Ltext12                                 text12       000000
__Ltext13                                 text13       000000
__Ltext14                                 text14       000000
__Ltext15                                 text15       000000
__Ltext16                                 text16       000000
__Ltext17                                 text17       000000
__Ltext2                                  text2        000000
__Ltext3                                  text3        000000
__Ltext4                                  text4        000000
__Ltext5                                  text5        000000
__Ltext6                                  text6        000000
__Ltext7                                  text7        000000
__Ltext8                                  text8        000000
__Ltext9                                  text9        000000
__S0                                      (abs)        001B1A
__S1                                      (abs)        000053
__S4                                      (abs)        000000
__S5                                      (abs)        000000
___heap_hi                                (abs)        000000
___heap_lo                                (abs)        000000
___inthi_sp                               stack        000000
___inthi_stack_hi                         stack        000000
___inthi_stack_lo                         stack        000000
___intlo_sp                               stack        000000
___intlo_stack_hi                         stack        000000
___intlo_stack_lo                         stack        000000
___param_bank                             (abs)        000000
___rparam_used                            (abs)        000001
___sp                                     stack        000000
___stack_hi                               stack        000000
___stack_lo                               stack        000000
__accesstop                               (abs)        000080
__activetblptr                            (abs)        000003
__end_of__initialization                  cinit        001A7C
__end_of_app_init                         text6        001B1A
__end_of_assign_pins@ecu_keypad$F381      text17       001356
__end_of_clear_4th                        text2        001B12
__end_of_ecu_layer_initialize             text7        001AEA
__end_of_gpio_pin_direction_initialize    text16       0014B0
__end_of_gpio_pin_initialize              text14       001AAC
__end_of_gpio_pin_read_logic              text5        001860
__end_of_gpio_pin_write_logic             text15       0011E8
__end_of_keypad_buttons                   smallconst   001011
__end_of_keypad_init                      text13       001986
__end_of_keypad_read_button               text4        001794
__end_of_lat_regs                         smallconst   001025
__end_of_lcd_assign_pins                  text12       0015C4
__end_of_lcd_init                         text8        0016BE
__end_of_lcd_send_bits                    text10       0018FC
__end_of_lcd_send_command                 text9        001A50
__end_of_lcd_send_data                    text3        001A18
__end_of_lcd_send_enable_signal           text11       001AD4
__end_of_main                             text0        0019E0
__end_of_port_regs                        smallconst   00101B
__end_of_set_1st_clear_4th                text1        001AFA
__end_of_tris_regs                        smallconst   00102F
__initialization                          cinit        001A50
__mediumconst                             mediumconst  000000
__pbssCOMRAM                              bssCOMRAM    000001
__pcinit                                  cinit        001A50
__pcstackCOMRAM                           cstackCOMRAM 00002A
__pdataCOMRAM                             dataCOMRAM   000043
__pidataCOMRAM                            idataCOMRAM  001AFA
__pnvCOMRAM                               nvCOMRAM     000052
__psmallconst                             smallconst   001000
__ptext0                                  text0        001986
__ptext1                                  text1        001AEA
__ptext10                                 text10       001860
__ptext11                                 text11       001AAC
__ptext12                                 text12       0014B0
__ptext13                                 text13       0018FC
__ptext14                                 text14       001A82
__ptext15                                 text15       001030
__ptext16                                 text16       001356
__ptext17                                 text17       0011E8
__ptext2                                  text2        001B0A
__ptext3                                  text3        0019E0
__ptext4                                  text4        0016BE
__ptext5                                  text5        001794
__ptext6                                  text6        001B12
__ptext7                                  text7        001AD4
__ptext8                                  text8        0015C4
__ptext9                                  text9        001A18
__ramtop                                  ramtop       001000
__smallconst                              smallconst   001000
_app_init                                 text6        001B12
_assign_pins@ecu_keypad$F381              text17       0011E8
_clear_4th                                text2        001B0A
_column_pins                              bssCOMRAM    000019
_counter                                  bssCOMRAM    000012
_counter@ecu_seven_seg$F666               bssCOMRAM    000007
_data_pins                                bssCOMRAM    000021
_disable_logic                            bssCOMRAM    000010
_ecu_layer_initialize                     text7        001AD4
_enable_logic                             bssCOMRAM    000011
_enable_pin                               bssCOMRAM    000029
_gpio_pin_direction_initialize            text16       001356
_gpio_pin_initialize                      text14       001A82
_gpio_pin_read_logic                      text5        001794
_gpio_pin_write_logic                     text15       001030
_keypad                                   dataCOMRAM   000043
_keypad_buttons                           smallconst   001001
_keypad_init                              text13       0018FC
_keypad_read_button                       text4        0016BE
_lat_regs                                 smallconst   00101B
_lcd                                      dataCOMRAM   00004C
_lcd_assign_pins                          text12       0014B0
_lcd_init                                 text8        0015C4
_lcd_send_bits                            text10       001860
_lcd_send_command                         text9        001A18
_lcd_send_data                            text3        0019E0
_lcd_send_enable_signal                   text11       001AAC
_main                                     text0        001986
_pin_1                                    bssCOMRAM    000027
_pin_2                                    bssCOMRAM    000026
_pins                                     bssCOMRAM    000015
_port_regs                                smallconst   001011
_read                                     bssCOMRAM    000025
_ret_val                                  nvCOMRAM     000052
_row_pins                                 bssCOMRAM    00001D
_rs_pin                                   bssCOMRAM    000028
_set_1st_clear_4th                        text1        001AEA
_tris_regs                                smallconst   001025
assign_pins@ecu_keypad$F381@keypad        cstackCOMRAM 00002A
assign_pins@ecu_keypad$F381@ret_val       cstackCOMRAM 00002D
button_init@F2912                         bssCOMRAM    000014
button_read_state@F2923                   bssCOMRAM    000013
clear_4th@num                             cstackCOMRAM 00002A
ecu_layer_initialize@ret_val              cstackCOMRAM 000040
end_of_initialization                     cinit        001A7C
gpio_pin_direction_initialize@_pin_config cstackCOMRAM 00002A
gpio_pin_direction_initialize@ret_State   cstackCOMRAM 000031
gpio_pin_initialize@_pin_config           cstackCOMRAM 000033
gpio_pin_initialize@ret_State             cstackCOMRAM 000034
gpio_pin_read_logic@_pin_config           cstackCOMRAM 00002A
gpio_pin_read_logic@logic                 cstackCOMRAM 00002B
gpio_pin_read_logic@ret_State             cstackCOMRAM 000031
gpio_pin_write_logic@_pin_config          cstackCOMRAM 00002A
gpio_pin_write_logic@logic                cstackCOMRAM 00002B
gpio_pin_write_logic@ret_State            cstackCOMRAM 000032
intlevel0                                 text         000000
intlevel1                                 text         000000
intlevel2                                 text         000000
intlevel3                                 text         000000
isa$std                                   (abs)        000001
isa$xinst                                 (abs)        000000
keypad_init@keypad                        cstackCOMRAM 000035
keypad_init@ret_val                       cstackCOMRAM 000036
keypad_read_button@column_counter         cstackCOMRAM 000038
keypad_read_button@keypad                 cstackCOMRAM 000033
keypad_read_button@logic_read             cstackCOMRAM 000036
keypad_read_button@read                   cstackCOMRAM 000034
keypad_read_button@ret_val                cstackCOMRAM 000037
keypad_read_button@row_counter            cstackCOMRAM 000039
lcd_assign_pins@counter                   cstackCOMRAM 00002D
lcd_assign_pins@lcd                       cstackCOMRAM 00002A
lcd_assign_pins@ret                       cstackCOMRAM 00002C
lcd_init@counter                          cstackCOMRAM 00003E
lcd_init@lcd                              cstackCOMRAM 00003C
lcd_init@ret                              cstackCOMRAM 00003F
lcd_send_bits@bits                        cstackCOMRAM 000036
lcd_send_bits@counter                     cstackCOMRAM 000038
lcd_send_bits@ret                         cstackCOMRAM 000037
lcd_send_command@command                  cstackCOMRAM 00003A
lcd_send_command@lcd                      cstackCOMRAM 000039
lcd_send_command@ret                      cstackCOMRAM 00003B
lcd_send_data@data                        cstackCOMRAM 00003A
lcd_send_data@lcd                         cstackCOMRAM 000039
lcd_send_data@ret                         cstackCOMRAM 00003B
lcd_send_enable_signal@ret                cstackCOMRAM 000033
led_initialize@F2912                      bssCOMRAM    00000F
led_toggle@F2933                          bssCOMRAM    00000C
led_turn_off@F2919                        bssCOMRAM    00000E
led_turn_on@F2926                         bssCOMRAM    00000D
relay_init@F2912                          bssCOMRAM    00000B
relay_toggle@F2936                        bssCOMRAM    000008
relay_turn_off@F2920                      bssCOMRAM    00000A
relay_turn_on@F2928                       bssCOMRAM    000009
set_1st_clear_4th@buff                    cstackCOMRAM 00002C
set_1st_clear_4th@num                     cstackCOMRAM 00002B
stackhi                                   (abs)        000000
stacklo                                   (abs)        000000
start                                     init         000000
start_initialization                      cinit        001A50


MODULE INFORMATION

Module		Function		Class		Link	Load	Size
ECUAL/Keypad/ecu_keypad.c
		_keypad_read_button		CODE           	16BE	0000	214
		_assign_pins@ecu_keypad$F381		CODE           	11E8	0000	366
		_keypad_init   		CODE           	18FC	0000	138

ECUAL/Keypad/ecu_keypad.c estimated size: 718

ECUAL/ecu_layer_init.c
		_ecu_layer_initialize		CODE           	1AD4	0000	22

ECUAL/ecu_layer_init.c estimated size: 22

MCAL/GPIO/hal_gpio.c
		_gpio_pin_write_logic		CODE           	1030	0000	440
		_gpio_pin_read_logic		CODE           	1794	0000	204
		_gpio_pin_direction_initialize		CODE           	1356	0000	346
		_gpio_pin_initialize		CODE           	1A82	0000	42

MCAL/GPIO/hal_gpio.c estimated size: 1032

shared
		_tris_regs     		SMALLCONST     	1025	0000	10
		__initialization		CODE           	1A50	0000	44
		_port_regs     		SMALLCONST     	1011	0000	10
		_lat_regs      		SMALLCONST     	101B	0000	10
		_keypad_buttons		SMALLCONST     	1001	0000	16

shared estimated size: 90

application.c
		_clear_4th     		CODE           	1B0A	0000	8
		_main          		CODE           	1986	0000	90
		_set_1st_clear_4th		CODE           	1AEA	0000	16
		_app_init      		CODE           	1B12	0000	8

application.c estimated size: 122

ECUAL/Chr_LCD/ecu_chr_lcd.c
		_lcd_send_command		CODE           	1A18	0000	56
		_lcd_send_data 		CODE           	19E0	0000	56
		_lcd_send_bits 		CODE           	1860	0000	156
		_lcd_send_enable_signal		CODE           	1AAC	0000	40
		_lcd_assign_pins		CODE           	14B0	0000	276
		_lcd_init      		CODE           	15C4	0000	250

ECUAL/Chr_LCD/ecu_chr_lcd.c estimated size: 834

